// Jest Snapshot v1, https://goo.gl/fbAQLP

exports[`should render Header correctly 1`] = `
<header>
  <h1>
    Expensify
  </h1>
  <NavLink
    activeClassName="active-link"
    exact={true}
    to="/"
  >
    Home | 
  </NavLink>
  <NavLink
    activeClassName="active-link"
    to="/create"
  >
    Add Expenses
  </NavLink>
</header>
`;
